'hello
'cheeseburger
'potato
'doorknob
ABCDabcdHello Potato
#f
#t
#f
#f
#t
#t
#t
#f
#f
#f
