'#('#u8(72 87 86) '#u8(72 87 86) '#u8(72 87 86) '#u8(72 87 86) '#u8(72 87 86) '#u8(72 87 86) '#u8(72 87 86) '#u8(72 87 86) '#u8(72 87 86) '#u8(72 87 86) '#u8(72 87 86) '#u8(72 87 86) '#u8(72 87 86))
'#('#u8(72 87 86) '#u8(72 87 86) '#u8(72 87 86) (#t . #f) '#u8(72 87 86) '#u8(72 87 86) '#u8(72 87 86) '#u8(72 87 86) '#u8(72 87 86) '#u8(72 87 86) '#u8(72 87 86) '#u8(72 87 86) '#u8(72 87 86))
'#('#u8(72 87 86) '#u8(72 87 86) '#u8(72 87 86) (#t . #f) '#(6 6 6 6 6 6 6 6 6) '#u8(72 87 86) '#u8(72 87 86) '#u8(72 87 86) '#u8(72 87 86) '#u8(72 87 86) '#u8(72 87 86) '#u8(72 87 86) '#u8(72 87 86))
'#('#u8(72 87 86) '#u8(72 87 86) '#u8(72 87 86) (#t . #f) '#(6 6 6 6 6 6 6 6 6) "hello world" '#u8(72 87 86) '#u8(72 87 86) '#u8(72 87 86) '#u8(72 87 86) '#u8(72 87 86) '#u8(72 87 86) '#u8(72 87 86))

